---
source: wallet/src/app.rs
assertion_line: 264
expression: model
snapshot_kind: text
---
active_view: Credential
credential:
  id: ~
  credentials: []
issuance: ~
error: ~
count:
  value: 2
  updated_at: ~
