---
source: wallet/src/app.rs
assertion_line: 334
expression: model
snapshot_kind: text
---
active_view: CredentialList
credential:
  id: ~
  credentials: []
issuance: ~
error: ~
count:
  value: -1
  updated_at: ~
