---
source: wallet/src/app.rs
assertion_line: 287
expression: model
snapshot_kind: text
---
active_view: Credential
credential:
  id: ~
  credentials: []
issuance: ~
error: ~
count:
  value: 2
  updated_at: "2023-01-01T00:00:00Z"
