---
source: wallet/src/app.rs
assertion_line: 395
expression: model
snapshot_kind: text
---
active_view: CredentialList
credential:
  id: ~
  credentials: []
issuance: ~
error: ~
count:
  value: 1
  updated_at: "2023-01-01T00:00:00Z"
