---
source: wallet/src/view/credential.rs
assertion_line: 219
expression: display
snapshot_kind: text
---
"Address: \n  Locality: Wellington\n  Street_address: 123 Fake St\nEmail: normal.user@example.com\nFamily name: Person\nGiven name: Normal\n"
